
> mini-lead-distribution-system@1.0.0 build
> next build

node.exe :  ΓÜá Warning: Next.js inferred your workspace root, but it may not 
be correct.
At line:1 char:1
+ & "C:\Program Files\nodejs/node.exe" "C:\Program Files\nodejs/node_mo ...
+ ~~~~~~~~~~~~~~~~~~~~~~~~~~~~~~~~~~~~~~~~~~~~~~~~~~~~~~~~~~~~~~~~~~~~~
    + CategoryInfo          : NotSpecified: ( ΓÜá Warning: N...not be correct. 
   :String) [], RemoteException
    + FullyQualifiedErrorId : NativeCommandError
 
 We detected multiple lockfiles and selected the directory of 
C:\Users\Abhijeet ojha\package-lock.json as the root directory.
 To silence this warning, set `outputFileTracingRoot` in your Next.js config, 
or consider removing one of the lockfiles if it's not needed.
   See 
https://nextjs.org/docs/app/api-reference/config/next-config-js/output#caveats 
for more information.
 Detected additional lockfiles: 
   * C:\Users\Abhijeet ojha\Desktop\newproj\package-lock.json

   Γû▓ Next.js 15.5.18

   Creating an optimized production build ...
Failed to compile.

node:crypto
Module build failed: UnhandledSchemeError: Reading from "node:crypto" is not 
handled by plugins (Unhandled scheme).
Webpack supports "data:" and "file:" URIs by default.
You may need an additional plugin to handle "node:" URIs.
    at C:\Users\Abhijeet ojha\Desktop\newproj\node_modules\next\dist\compiled\w
ebpack\bundle5.js:29:408351
    at Hook.eval [as callAsync] (eval at create (C:\Users\Abhijeet ojha\Desktop
\newproj\node_modules\next\dist\compiled\webpack\bundle5.js:14:9224), 
<anonymous>:6:1)
    at Hook.CALL_ASYNC_DELEGATE [as _callAsync] (C:\Users\Abhijeet ojha\Desktop
\newproj\node_modules\next\dist\compiled\webpack\bundle5.js:14:6378)
    at Object.processResource (C:\Users\Abhijeet ojha\Desktop\newproj\node_modu
les\next\dist\compiled\webpack\bundle5.js:29:408276)
    at processResource (C:\Users\Abhijeet ojha\Desktop\newproj\node_modules\nex
t\dist\compiled\loader-runner\LoaderRunner.js:1:5308)
    at iteratePitchingLoaders (C:\Users\Abhijeet ojha\Desktop\newproj\node_modu
les\next\dist\compiled\loader-runner\LoaderRunner.js:1:4667)
    at runLoaders (C:\Users\Abhijeet ojha\Desktop\newproj\node_modules\next\dis
t\compiled\loader-runner\LoaderRunner.js:1:8590)
    at NormalModule._doBuild (C:\Users\Abhijeet ojha\Desktop\newproj\node_modul
es\next\dist\compiled\webpack\bundle5.js:29:408138)
    at NormalModule.build (C:\Users\Abhijeet ojha\Desktop\newproj\node_modules\
next\dist\compiled\webpack\bundle5.js:29:410151)
    at C:\Users\Abhijeet ojha\Desktop\newproj\node_modules\next\dist\compiled\w
ebpack\bundle5.js:29:82479

Import trace for requested module:
node:crypto
./lib/test-tools.ts
./app/test-tools/page.tsx

node:events
Module build failed: UnhandledSchemeError: Reading from "node:events" is not 
handled by plugins (Unhandled scheme).
Webpack supports "data:" and "file:" URIs by default.
You may need an additional plugin to handle "node:" URIs.
    at C:\Users\Abhijeet ojha\Desktop\newproj\node_modules\next\dist\compiled\w
ebpack\bundle5.js:29:408351
    at Hook.eval [as callAsync] (eval at create (C:\Users\Abhijeet ojha\Desktop
\newproj\node_modules\next\dist\compiled\webpack\bundle5.js:14:9224), 
<anonymous>:6:1)
    at Object.processResource (C:\Users\Abhijeet ojha\Desktop\newproj\node_modu
les\next\dist\compiled\webpack\bundle5.js:29:408276)
    at processResource (C:\Users\Abhijeet ojha\Desktop\newproj\node_modules\nex
t\dist\compiled\loader-runner\LoaderRunner.js:1:5308)
    at iteratePitchingLoaders (C:\Users\Abhijeet ojha\Desktop\newproj\node_modu
les\next\dist\compiled\loader-runner\LoaderRunner.js:1:4667)
    at runLoaders (C:\Users\Abhijeet ojha\Desktop\newproj\node_modules\next\dis
t\compiled\loader-runner\LoaderRunner.js:1:8590)
    at NormalModule._doBuild (C:\Users\Abhijeet ojha\Desktop\newproj\node_modul
es\next\dist\compiled\webpack\bundle5.js:29:408138)
    at NormalModule.build (C:\Users\Abhijeet ojha\Desktop\newproj\node_modules\
next\dist\compiled\webpack\bundle5.js:29:410151)
    at C:\Users\Abhijeet ojha\Desktop\newproj\node_modules\next\dist\compiled\w
ebpack\bundle5.js:29:82479
    at NormalModule.needBuild (C:\Users\Abhijeet ojha\Desktop\newproj\node_modu
les\next\dist\compiled\webpack\bundle5.js:29:414101)

Import trace for requested module:
node:events
./lib/events.ts
./lib/allocation.ts
./app/test-tools/page.tsx


> Build failed because of webpack errors
